// Jest Snapshot v1, https://goo.gl/fbAQLP

exports[`<EdgeCreateDialog /> Should render correctly with no properties 1`] = `
<Dialog
  className="large"
  icon="new-link"
  isProcessing={false}
  onClose={[Function]}
  title="Add link"
>
  <form
    onSubmit={[Function]}
  >
    <div
      className="bp3-dialog-body"
    >
      <div
        style={
          Object {
            "display": "flex",
            "flex": 1,
            "flexFlow": "row",
          }
        }
      >
        <div
          style={
            Object {
              "flexBasis": "auto",
              "flexGrow": 1,
              "flexShrink": 1,
              "paddingRight": "1em",
            }
          }
        >
          <Blueprint3.FormGroup
            label="Source"
          >
            <Component
              allowMultiple={false}
              entitySuggestions={Array []}
              isFetching={false}
              onQueryChange={[Function]}
              onSubmit={[Function]}
              values={Array []}
            />
          </Blueprint3.FormGroup>
        </div>
        <div
          style={
            Object {
              "flexBasis": "auto",
              "flexGrow": 1,
              "flexShrink": 1,
              "paddingRight": "1em",
            }
          }
        >
          <Blueprint3.FormGroup
            label="Type"
          >
            <EdgeTypeSelect
              items={Array []}
              onChange={[Function]}
              placeholder="Select type"
            />
          </Blueprint3.FormGroup>
        </div>
        <div
          style={
            Object {
              "flexBasis": "auto",
              "flexGrow": 1,
              "flexShrink": 1,
              "paddingRight": "1em",
            }
          }
        >
          <Blueprint3.FormGroup
            label="Target"
          >
            <Component
              allowMultiple={false}
              entitySuggestions={Array []}
              isFetching={false}
              onQueryChange={[Function]}
              onSubmit={[Function]}
              values={Array []}
            />
          </Blueprint3.FormGroup>
        </div>
        <div
          style={
            Object {
              "flexBasis": "1%",
              "flexGrow": 0,
              "flexShrink": 1,
            }
          }
        >
          <Blueprint3.FormGroup
            label="Â "
          >
            <Blueprint3.Button
              disabled={true}
              icon="exchange"
              onClick={[Function]}
            />
          </Blueprint3.FormGroup>
        </div>
      </div>
    </div>
    <div
      className="bp3-dialog-footer"
    >
      <div
        className="bp3-dialog-footer-actions"
      >
        <Blueprint3.Button
          disabled={true}
          intent="primary"
          text="Create"
          type="submit"
        />
      </div>
    </div>
  </form>
</Dialog>
`;
